
Discarded input sections

 .group         0x00000000        0xc ./source/mcal/SysTick.o
 .group         0x00000000        0xc ./source/mcal/SysTick.o
 .group         0x00000000        0xc ./source/mcal/SysTick.o
 .group         0x00000000        0xc ./source/mcal/SysTick.o
 .group         0x00000000        0xc ./source/mcal/SysTick.o
 .group         0x00000000        0xc ./source/mcal/SysTick.o
 .group         0x00000000        0xc ./source/mcal/SysTick.o
 .group         0x00000000        0xc ./source/mcal/SysTick.o
 .group         0x00000000        0xc ./source/mcal/SysTick.o
 .group         0x00000000        0xc ./source/mcal/SysTick.o
 .group         0x00000000        0xc ./source/mcal/SysTick.o
 .group         0x00000000        0xc ./source/mcal/SysTick.o
 .group         0x00000000        0xc ./source/mcal/SysTick.o
 .group         0x00000000        0xc ./source/mcal/SysTick.o
 .text          0x00000000        0x0 ./source/mcal/SysTick.o
 .data          0x00000000        0x0 ./source/mcal/SysTick.o
 .bss           0x00000000        0x0 ./source/mcal/SysTick.o
 .group         0x00000000        0xc ./source/mcal/gpio.o
 .group         0x00000000        0xc ./source/mcal/gpio.o
 .group         0x00000000        0xc ./source/mcal/gpio.o
 .group         0x00000000        0xc ./source/mcal/gpio.o
 .group         0x00000000        0xc ./source/mcal/gpio.o
 .group         0x00000000        0xc ./source/mcal/gpio.o
 .group         0x00000000        0xc ./source/mcal/gpio.o
 .group         0x00000000        0xc ./source/mcal/gpio.o
 .group         0x00000000        0xc ./source/mcal/gpio.o
 .group         0x00000000        0xc ./source/mcal/gpio.o
 .group         0x00000000        0xc ./source/mcal/gpio.o
 .group         0x00000000        0xc ./source/mcal/gpio.o
 .group         0x00000000        0xc ./source/mcal/gpio.o
 .group         0x00000000        0xc ./source/mcal/gpio.o
 .text          0x00000000        0x0 ./source/mcal/gpio.o
 .data          0x00000000        0x0 ./source/mcal/gpio.o
 .bss           0x00000000        0x0 ./source/mcal/gpio.o
 .text.gpioToggle
                0x00000000       0x3c ./source/mcal/gpio.o
 .text.risingEdgeIRQC
                0x00000000       0x68 ./source/mcal/gpio.o
 .debug_macro   0x00000000      0xad8 ./source/mcal/gpio.o
 .debug_macro   0x00000000      0x34e ./source/mcal/gpio.o
 .debug_macro   0x00000000       0x22 ./source/mcal/gpio.o
 .debug_macro   0x00000000       0x10 ./source/mcal/gpio.o
 .debug_macro   0x00000000       0x5c ./source/mcal/gpio.o
 .debug_macro   0x00000000       0x1c ./source/mcal/gpio.o
 .debug_macro   0x00000000       0x22 ./source/mcal/gpio.o
 .debug_macro   0x00000000       0xd9 ./source/mcal/gpio.o
 .debug_macro   0x00000000      0xecf ./source/mcal/gpio.o
 .debug_macro   0x00000000       0x48 ./source/mcal/gpio.o
 .debug_macro   0x00000000     0xe07b ./source/mcal/gpio.o
 .debug_macro   0x00000000     0x122b ./source/mcal/gpio.o
 .debug_macro   0x00000000       0x16 ./source/mcal/gpio.o
 .group         0x00000000        0xc ./source/hal/IRQN_Ports.o
 .group         0x00000000        0xc ./source/hal/IRQN_Ports.o
 .group         0x00000000        0xc ./source/hal/IRQN_Ports.o
 .group         0x00000000        0xc ./source/hal/IRQN_Ports.o
 .group         0x00000000        0xc ./source/hal/IRQN_Ports.o
 .group         0x00000000        0xc ./source/hal/IRQN_Ports.o
 .group         0x00000000        0xc ./source/hal/IRQN_Ports.o
 .group         0x00000000        0xc ./source/hal/IRQN_Ports.o
 .group         0x00000000        0xc ./source/hal/IRQN_Ports.o
 .group         0x00000000        0xc ./source/hal/IRQN_Ports.o
 .group         0x00000000        0xc ./source/hal/IRQN_Ports.o
 .group         0x00000000        0xc ./source/hal/IRQN_Ports.o
 .group         0x00000000        0xc ./source/hal/IRQN_Ports.o
 .group         0x00000000        0xc ./source/hal/IRQN_Ports.o
 .group         0x00000000        0xc ./source/hal/IRQN_Ports.o
 .text          0x00000000        0x0 ./source/hal/IRQN_Ports.o
 .data          0x00000000        0x0 ./source/hal/IRQN_Ports.o
 .bss           0x00000000        0x0 ./source/hal/IRQN_Ports.o
 .debug_macro   0x00000000      0xad8 ./source/hal/IRQN_Ports.o
 .debug_macro   0x00000000      0x34e ./source/hal/IRQN_Ports.o
 .debug_macro   0x00000000       0x22 ./source/hal/IRQN_Ports.o
 .debug_macro   0x00000000       0x3a ./source/hal/IRQN_Ports.o
 .debug_macro   0x00000000       0x10 ./source/hal/IRQN_Ports.o
 .debug_macro   0x00000000       0x5c ./source/hal/IRQN_Ports.o
 .debug_macro   0x00000000       0x1c ./source/hal/IRQN_Ports.o
 .debug_macro   0x00000000       0x22 ./source/hal/IRQN_Ports.o
 .debug_macro   0x00000000       0xd9 ./source/hal/IRQN_Ports.o
 .debug_macro   0x00000000      0xecf ./source/hal/IRQN_Ports.o
 .debug_macro   0x00000000       0x48 ./source/hal/IRQN_Ports.o
 .debug_macro   0x00000000     0xe07b ./source/hal/IRQN_Ports.o
 .debug_macro   0x00000000     0x122b ./source/hal/IRQN_Ports.o
 .debug_macro   0x00000000       0x16 ./source/hal/IRQN_Ports.o
 .group         0x00000000        0xc ./source/hal/card.o
 .group         0x00000000        0xc ./source/hal/card.o
 .group         0x00000000        0xc ./source/hal/card.o
 .group         0x00000000        0xc ./source/hal/card.o
 .group         0x00000000        0xc ./source/hal/card.o
 .group         0x00000000        0xc ./source/hal/card.o
 .group         0x00000000        0xc ./source/hal/card.o
 .group         0x00000000        0xc ./source/hal/card.o
 .group         0x00000000        0xc ./source/hal/card.o
 .group         0x00000000        0xc ./source/hal/card.o
 .group         0x00000000        0xc ./source/hal/card.o
 .group         0x00000000        0xc ./source/hal/card.o
 .group         0x00000000        0xc ./source/hal/card.o
 .group         0x00000000        0xc ./source/hal/card.o
 .group         0x00000000        0xc ./source/hal/card.o
 .group         0x00000000        0xc ./source/hal/card.o
 .group         0x00000000        0xc ./source/hal/card.o
 .group         0x00000000        0xc ./source/hal/card.o
 .group         0x00000000        0xc ./source/hal/card.o
 .group         0x00000000        0xc ./source/hal/card.o
 .group         0x00000000        0xc ./source/hal/card.o
 .group         0x00000000        0xc ./source/hal/card.o
 .group         0x00000000        0xc ./source/hal/card.o
 .group         0x00000000        0xc ./source/hal/card.o
 .group         0x00000000        0xc ./source/hal/card.o
 .group         0x00000000        0xc ./source/hal/card.o
 .group         0x00000000        0xc ./source/hal/card.o
 .group         0x00000000        0xc ./source/hal/card.o
 .group         0x00000000        0xc ./source/hal/card.o
 .group         0x00000000        0xc ./source/hal/card.o
 .group         0x00000000        0xc ./source/hal/card.o
 .group         0x00000000        0xc ./source/hal/card.o
 .group         0x00000000        0xc ./source/hal/card.o
 .text          0x00000000        0x0 ./source/hal/card.o
 .data          0x00000000        0x0 ./source/hal/card.o
 .bss           0x00000000        0x0 ./source/hal/card.o
 .bss.debugCounter
                0x00000000        0x4 ./source/hal/card.o
 .bss.myString  0x00000000      0x1f4 ./source/hal/card.o
 .bss.cardDataReady
                0x00000000        0x1 ./source/hal/card.o
 .debug_macro   0x00000000      0xad8 ./source/hal/card.o
 .debug_macro   0x00000000       0x22 ./source/hal/card.o
 .debug_macro   0x00000000      0x34e ./source/hal/card.o
 .debug_macro   0x00000000       0x10 ./source/hal/card.o
 .debug_macro   0x00000000       0x5c ./source/hal/card.o
 .debug_macro   0x00000000       0x1c ./source/hal/card.o
 .debug_macro   0x00000000       0x22 ./source/hal/card.o
 .debug_macro   0x00000000       0xd9 ./source/hal/card.o
 .debug_macro   0x00000000      0xecf ./source/hal/card.o
 .debug_macro   0x00000000       0x48 ./source/hal/card.o
 .debug_macro   0x00000000     0xe07b ./source/hal/card.o
 .debug_macro   0x00000000     0x122b ./source/hal/card.o
 .debug_macro   0x00000000       0x16 ./source/hal/card.o
 .group         0x00000000        0xc ./source/hal/display.o
 .group         0x00000000        0xc ./source/hal/display.o
 .group         0x00000000        0xc ./source/hal/display.o
 .group         0x00000000        0xc ./source/hal/display.o
 .group         0x00000000        0xc ./source/hal/display.o
 .text          0x00000000        0x0 ./source/hal/display.o
 .data          0x00000000        0x0 ./source/hal/display.o
 .bss           0x00000000        0x0 ./source/hal/display.o
 .debug_macro   0x00000000      0xad8 ./source/hal/display.o
 .debug_macro   0x00000000       0x22 ./source/hal/display.o
 .debug_macro   0x00000000      0x34e ./source/hal/display.o
 .debug_macro   0x00000000       0x16 ./source/hal/display.o
 .group         0x00000000        0xc ./source/hal/leds.o
 .group         0x00000000        0xc ./source/hal/leds.o
 .group         0x00000000        0xc ./source/hal/leds.o
 .group         0x00000000        0xc ./source/hal/leds.o
 .group         0x00000000        0xc ./source/hal/leds.o
 .text          0x00000000        0x0 ./source/hal/leds.o
 .data          0x00000000        0x0 ./source/hal/leds.o
 .bss           0x00000000        0x0 ./source/hal/leds.o
 .text.ledToggle
                0x00000000       0x90 ./source/hal/leds.o
 .debug_macro   0x00000000      0xad8 ./source/hal/leds.o
 .debug_macro   0x00000000      0x34e ./source/hal/leds.o
 .debug_macro   0x00000000       0x22 ./source/hal/leds.o
 .debug_macro   0x00000000       0x40 ./source/hal/leds.o
 .debug_macro   0x00000000       0x76 ./source/hal/leds.o
 .group         0x00000000        0xc ./source/hal/shift.o
 .group         0x00000000        0xc ./source/hal/shift.o
 .group         0x00000000        0xc ./source/hal/shift.o
 .group         0x00000000        0xc ./source/hal/shift.o
 .group         0x00000000        0xc ./source/hal/shift.o
 .text          0x00000000        0x0 ./source/hal/shift.o
 .data          0x00000000        0x0 ./source/hal/shift.o
 .bss           0x00000000        0x0 ./source/hal/shift.o
 .text.shiftRead
                0x00000000       0x18 ./source/hal/shift.o
 .text.shiftWriteBit
                0x00000000       0x5c ./source/hal/shift.o
 .debug_macro   0x00000000      0xad8 ./source/hal/shift.o
 .debug_macro   0x00000000      0x34e ./source/hal/shift.o
 .debug_macro   0x00000000       0x22 ./source/hal/shift.o
 .debug_macro   0x00000000       0x40 ./source/hal/shift.o
 .debug_macro   0x00000000       0x76 ./source/hal/shift.o
 .group         0x00000000        0xc ./source/hal/system.o
 .group         0x00000000        0xc ./source/hal/system.o
 .group         0x00000000        0xc ./source/hal/system.o
 .group         0x00000000        0xc ./source/hal/system.o
 .text          0x00000000        0x0 ./source/hal/system.o
 .data          0x00000000        0x0 ./source/hal/system.o
 .bss           0x00000000        0x0 ./source/hal/system.o
 .debug_macro   0x00000000      0xad8 ./source/hal/system.o
 .debug_macro   0x00000000       0x22 ./source/hal/system.o
 .debug_macro   0x00000000      0x34e ./source/hal/system.o
 .debug_macro   0x00000000       0x16 ./source/hal/system.o
 .group         0x00000000        0xc ./source/hal/timers.o
 .group         0x00000000        0xc ./source/hal/timers.o
 .group         0x00000000        0xc ./source/hal/timers.o
 .group         0x00000000        0xc ./source/hal/timers.o
 .text          0x00000000        0x0 ./source/hal/timers.o
 .data          0x00000000        0x0 ./source/hal/timers.o
 .bss           0x00000000        0x0 ./source/hal/timers.o
 .text.timerCreate
                0x00000000       0x30 ./source/hal/timers.o
 .debug_macro   0x00000000      0xad8 ./source/hal/timers.o
 .debug_macro   0x00000000       0x22 ./source/hal/timers.o
 .debug_macro   0x00000000      0x34e ./source/hal/timers.o
 .debug_macro   0x00000000       0x16 ./source/hal/timers.o
 .group         0x00000000        0xc ./source/hal/wheel.o
 .group         0x00000000        0xc ./source/hal/wheel.o
 .group         0x00000000        0xc ./source/hal/wheel.o
 .group         0x00000000        0xc ./source/hal/wheel.o
 .group         0x00000000        0xc ./source/hal/wheel.o
 .group         0x00000000        0xc ./source/hal/wheel.o
 .text          0x00000000        0x0 ./source/hal/wheel.o
 .data          0x00000000        0x0 ./source/hal/wheel.o
 .bss           0x00000000        0x0 ./source/hal/wheel.o
 .bss.wheelInputFlag
                0x00000000        0x1 ./source/hal/wheel.o
 .debug_macro   0x00000000      0xad8 ./source/hal/wheel.o
 .debug_macro   0x00000000      0x34e ./source/hal/wheel.o
 .debug_macro   0x00000000       0x22 ./source/hal/wheel.o
 .debug_macro   0x00000000       0x3a ./source/hal/wheel.o
 .debug_macro   0x00000000       0x76 ./source/hal/wheel.o
 .debug_macro   0x00000000       0x16 ./source/hal/wheel.o
 .group         0x00000000        0xc ./source/app/App.o
 .group         0x00000000        0xc ./source/app/App.o
 .group         0x00000000        0xc ./source/app/App.o
 .group         0x00000000        0xc ./source/app/App.o
 .group         0x00000000        0xc ./source/app/App.o
 .group         0x00000000        0xc ./source/app/App.o
 .group         0x00000000        0xc ./source/app/App.o
 .group         0x00000000        0xc ./source/app/App.o
 .group         0x00000000        0xc ./source/app/App.o
 .group         0x00000000        0xc ./source/app/App.o
 .group         0x00000000        0xc ./source/app/App.o
 .text          0x00000000        0x0 ./source/app/App.o
 .data          0x00000000        0x0 ./source/app/App.o
 .bss           0x00000000        0x0 ./source/app/App.o
 .debug_macro   0x00000000      0xad8 ./source/app/App.o
 .debug_macro   0x00000000       0x22 ./source/app/App.o
 .debug_macro   0x00000000      0x34e ./source/app/App.o
 .debug_macro   0x00000000       0x40 ./source/app/App.o
 .debug_macro   0x00000000       0x70 ./source/app/App.o
 .group         0x00000000        0xc ./source/app/display_intensity.o
 .group         0x00000000        0xc ./source/app/display_intensity.o
 .group         0x00000000        0xc ./source/app/display_intensity.o
 .group         0x00000000        0xc ./source/app/display_intensity.o
 .text          0x00000000        0x0 ./source/app/display_intensity.o
 .data          0x00000000        0x0 ./source/app/display_intensity.o
 .bss           0x00000000        0x0 ./source/app/display_intensity.o
 .debug_macro   0x00000000      0xad8 ./source/app/display_intensity.o
 .debug_macro   0x00000000       0x22 ./source/app/display_intensity.o
 .debug_macro   0x00000000      0x34e ./source/app/display_intensity.o
 .debug_macro   0x00000000       0x16 ./source/app/display_intensity.o
 .group         0x00000000        0xc ./source/app/id_input.o
 .group         0x00000000        0xc ./source/app/id_input.o
 .group         0x00000000        0xc ./source/app/id_input.o
 .group         0x00000000        0xc ./source/app/id_input.o
 .group         0x00000000        0xc ./source/app/id_input.o
 .group         0x00000000        0xc ./source/app/id_input.o
 .group         0x00000000        0xc ./source/app/id_input.o
 .text          0x00000000        0x0 ./source/app/id_input.o
 .data          0x00000000        0x0 ./source/app/id_input.o
 .bss           0x00000000        0x0 ./source/app/id_input.o
 .debug_macro   0x00000000      0xad8 ./source/app/id_input.o
 .debug_macro   0x00000000       0x22 ./source/app/id_input.o
 .debug_macro   0x00000000      0x34e ./source/app/id_input.o
 .debug_macro   0x00000000       0x10 ./source/app/id_input.o
 .debug_macro   0x00000000       0x10 ./source/app/id_input.o
 .debug_macro   0x00000000       0x10 ./source/app/id_input.o
 .debug_macro   0x00000000       0x10 ./source/app/id_input.o
 .group         0x00000000        0xc ./source/app/pass_input.o
 .group         0x00000000        0xc ./source/app/pass_input.o
 .group         0x00000000        0xc ./source/app/pass_input.o
 .group         0x00000000        0xc ./source/app/pass_input.o
 .group         0x00000000        0xc ./source/app/pass_input.o
 .text          0x00000000        0x0 ./source/app/pass_input.o
 .data          0x00000000        0x0 ./source/app/pass_input.o
 .bss           0x00000000        0x0 ./source/app/pass_input.o
 .debug_macro   0x00000000      0xad8 ./source/app/pass_input.o
 .debug_macro   0x00000000       0x22 ./source/app/pass_input.o
 .debug_macro   0x00000000      0x34e ./source/app/pass_input.o
 .debug_macro   0x00000000       0x10 ./source/app/pass_input.o
 .debug_macro   0x00000000       0x10 ./source/app/pass_input.o
 .group         0x00000000        0xc ./source/app/user.o
 .group         0x00000000        0xc ./source/app/user.o
 .group         0x00000000        0xc ./source/app/user.o
 .text          0x00000000        0x0 ./source/app/user.o
 .data          0x00000000        0x0 ./source/app/user.o
 .bss           0x00000000        0x0 ./source/app/user.o
 .debug_macro   0x00000000      0xad8 ./source/app/user.o
 .debug_macro   0x00000000       0x22 ./source/app/user.o
 .debug_macro   0x00000000      0x34e ./source/app/user.o
 .group         0x00000000        0xc ./source/app/utils.o
 .group         0x00000000        0xc ./source/app/utils.o
 .text          0x00000000        0x0 ./source/app/utils.o
 .data          0x00000000        0x0 ./source/app/utils.o
 .bss           0x00000000        0x0 ./source/app/utils.o
 .debug_macro   0x00000000      0xad8 ./source/app/utils.o
 .debug_macro   0x00000000      0x34e ./source/app/utils.o
 .group         0x00000000        0xc ./SDK/startup/hardware.o
 .group         0x00000000        0xc ./SDK/startup/hardware.o
 .group         0x00000000        0xc ./SDK/startup/hardware.o
 .group         0x00000000        0xc ./SDK/startup/hardware.o
 .group         0x00000000        0xc ./SDK/startup/hardware.o
 .group         0x00000000        0xc ./SDK/startup/hardware.o
 .group         0x00000000        0xc ./SDK/startup/hardware.o
 .group         0x00000000        0xc ./SDK/startup/hardware.o
 .group         0x00000000        0xc ./SDK/startup/hardware.o
 .group         0x00000000        0xc ./SDK/startup/hardware.o
 .group         0x00000000        0xc ./SDK/startup/hardware.o
 .group         0x00000000        0xc ./SDK/startup/hardware.o
 .group         0x00000000        0xc ./SDK/startup/hardware.o
 .text          0x00000000        0x0 ./SDK/startup/hardware.o
 .data          0x00000000        0x0 ./SDK/startup/hardware.o
 .bss           0x00000000        0x0 ./SDK/startup/hardware.o
 .debug_macro   0x00000000      0xad8 ./SDK/startup/hardware.o
 .debug_macro   0x00000000      0x34e ./SDK/startup/hardware.o
 .debug_macro   0x00000000       0x22 ./SDK/startup/hardware.o
 .debug_macro   0x00000000       0x10 ./SDK/startup/hardware.o
 .debug_macro   0x00000000       0x5c ./SDK/startup/hardware.o
 .debug_macro   0x00000000       0x1c ./SDK/startup/hardware.o
 .debug_macro   0x00000000       0x22 ./SDK/startup/hardware.o
 .debug_macro   0x00000000       0xd9 ./SDK/startup/hardware.o
 .debug_macro   0x00000000      0xecf ./SDK/startup/hardware.o
 .debug_macro   0x00000000       0x48 ./SDK/startup/hardware.o
 .debug_macro   0x00000000     0xe07b ./SDK/startup/hardware.o
 .debug_macro   0x00000000     0x122b ./SDK/startup/hardware.o
 .debug_macro   0x00000000       0x16 ./SDK/startup/hardware.o
 .group         0x00000000        0xc ./SDK/startup/main.o
 .group         0x00000000        0xc ./SDK/startup/main.o
 .group         0x00000000        0xc ./SDK/startup/main.o
 .group         0x00000000        0xc ./SDK/startup/main.o
 .group         0x00000000        0xc ./SDK/startup/main.o
 .group         0x00000000        0xc ./SDK/startup/main.o
 .group         0x00000000        0xc ./SDK/startup/main.o
 .group         0x00000000        0xc ./SDK/startup/main.o
 .group         0x00000000        0xc ./SDK/startup/main.o
 .group         0x00000000        0xc ./SDK/startup/main.o
 .group         0x00000000        0xc ./SDK/startup/main.o
 .group         0x00000000        0xc ./SDK/startup/main.o
 .group         0x00000000        0xc ./SDK/startup/main.o
 .text          0x00000000        0x0 ./SDK/startup/main.o
 .data          0x00000000        0x0 ./SDK/startup/main.o
 .bss           0x00000000        0x0 ./SDK/startup/main.o
 .debug_macro   0x00000000      0xad8 ./SDK/startup/main.o
 .debug_macro   0x00000000      0x34e ./SDK/startup/main.o
 .debug_macro   0x00000000       0x22 ./SDK/startup/main.o
 .debug_macro   0x00000000       0x10 ./SDK/startup/main.o
 .debug_macro   0x00000000       0x5c ./SDK/startup/main.o
 .debug_macro   0x00000000       0x1c ./SDK/startup/main.o
 .debug_macro   0x00000000       0x22 ./SDK/startup/main.o
 .debug_macro   0x00000000       0xd9 ./SDK/startup/main.o
 .debug_macro   0x00000000      0xecf ./SDK/startup/main.o
 .debug_macro   0x00000000       0x48 ./SDK/startup/main.o
 .debug_macro   0x00000000     0xe07b ./SDK/startup/main.o
 .debug_macro   0x00000000     0x122b ./SDK/startup/main.o
 .debug_macro   0x00000000       0x16 ./SDK/startup/main.o
 .group         0x00000000        0xc ./SDK/startup/semihost_hardfault.o
 .text          0x00000000        0x0 ./SDK/startup/semihost_hardfault.o
 .data          0x00000000        0x0 ./SDK/startup/semihost_hardfault.o
 .bss           0x00000000        0x0 ./SDK/startup/semihost_hardfault.o
 .debug_macro   0x00000000      0xad8 ./SDK/startup/semihost_hardfault.o
 .group         0x00000000        0xc ./SDK/startup/startup_mk64f12.o
 .text          0x00000000        0x0 ./SDK/startup/startup_mk64f12.o
 .data          0x00000000        0x0 ./SDK/startup/startup_mk64f12.o
 .bss           0x00000000        0x0 ./SDK/startup/startup_mk64f12.o
 .text.PORTC_IRQHandler
                0x00000000        0x8 ./SDK/startup/startup_mk64f12.o
 .debug_macro   0x00000000      0xad8 ./SDK/startup/startup_mk64f12.o
 .group         0x00000000        0xc ./SDK/CMSIS/system_MK64F12.o
 .group         0x00000000        0xc ./SDK/CMSIS/system_MK64F12.o
 .group         0x00000000        0xc ./SDK/CMSIS/system_MK64F12.o
 .group         0x00000000        0xc ./SDK/CMSIS/system_MK64F12.o
 .group         0x00000000        0xc ./SDK/CMSIS/system_MK64F12.o
 .group         0x00000000        0xc ./SDK/CMSIS/system_MK64F12.o
 .group         0x00000000        0xc ./SDK/CMSIS/system_MK64F12.o
 .group         0x00000000        0xc ./SDK/CMSIS/system_MK64F12.o
 .group         0x00000000        0xc ./SDK/CMSIS/system_MK64F12.o
 .group         0x00000000        0xc ./SDK/CMSIS/system_MK64F12.o
 .group         0x00000000        0xc ./SDK/CMSIS/system_MK64F12.o
 .text          0x00000000        0x0 ./SDK/CMSIS/system_MK64F12.o
 .data          0x00000000        0x0 ./SDK/CMSIS/system_MK64F12.o
 .bss           0x00000000        0x0 ./SDK/CMSIS/system_MK64F12.o
 .text.SystemCoreClockUpdate
                0x00000000      0x28c ./SDK/CMSIS/system_MK64F12.o
 .debug_macro   0x00000000      0xad8 ./SDK/CMSIS/system_MK64F12.o
 .debug_macro   0x00000000      0x34e ./SDK/CMSIS/system_MK64F12.o
 .debug_macro   0x00000000       0x10 ./SDK/CMSIS/system_MK64F12.o
 .debug_macro   0x00000000       0x5c ./SDK/CMSIS/system_MK64F12.o
 .debug_macro   0x00000000       0x1c ./SDK/CMSIS/system_MK64F12.o
 .debug_macro   0x00000000       0x22 ./SDK/CMSIS/system_MK64F12.o
 .debug_macro   0x00000000       0xd9 ./SDK/CMSIS/system_MK64F12.o
 .debug_macro   0x00000000      0xecf ./SDK/CMSIS/system_MK64F12.o
 .debug_macro   0x00000000       0x48 ./SDK/CMSIS/system_MK64F12.o
 .debug_macro   0x00000000     0xe07b ./SDK/CMSIS/system_MK64F12.o
 .debug_macro   0x00000000     0x122b ./SDK/CMSIS/system_MK64F12.o

Memory Configuration

Name             Origin             Length             Attributes
PROGRAM_FLASH    0x00000000         0x00100000         xr
SRAM_UPPER       0x20000000         0x00030000         xrw
SRAM_LOWER       0x1fff0000         0x00010000         xrw
FLEX_RAM         0x14000000         0x00001000         xrw
*default*        0x00000000         0xffffffff

Linker script and memory map

LOAD ./source/mcal/SysTick.o
LOAD ./source/mcal/gpio.o
LOAD ./source/hal/IRQN_Ports.o
LOAD ./source/hal/card.o
LOAD ./source/hal/display.o
LOAD ./source/hal/leds.o
LOAD ./source/hal/shift.o
LOAD ./source/hal/system.o
LOAD ./source/hal/timers.o
LOAD ./source/hal/wheel.o
LOAD ./source/app/App.o
LOAD ./source/app/display_intensity.o
LOAD ./source/app/id_input.o
LOAD ./source/app/pass_input.o
LOAD ./source/app/user.o
LOAD ./source/app/utils.o
LOAD ./SDK/startup/hardware.o
LOAD ./SDK/startup/main.o
LOAD ./SDK/startup/semihost_hardfault.o
LOAD ./SDK/startup/startup_mk64f12.o
LOAD ./SDK/CMSIS/system_MK64F12.o
START GROUP
LOAD /opt/mcuxpresso-ide/ide/plugins/com.nxp.mcuxpresso.tools.linux_25.6.0.202501151204/tools/bin/../lib/gcc/arm-none-eabi/14.2.1/../../../../arm-none-eabi/lib/thumb/v7e-m+fp/hard/libcr_c.a
LOAD /opt/mcuxpresso-ide/ide/plugins/com.nxp.mcuxpresso.tools.linux_25.6.0.202501151204/tools/bin/../lib/gcc/arm-none-eabi/14.2.1/thumb/v7e-m+fp/hard/libcr_eabihelpers.a
LOAD /opt/mcuxpresso-ide/ide/plugins/com.nxp.mcuxpresso.tools.linux_25.6.0.202501151204/tools/bin/../lib/gcc/arm-none-eabi/14.2.1/thumb/v7e-m+fp/hard/libgcc.a
END GROUP
                0x00000000                        __base_PROGRAM_FLASH = 0x0
                0x00000000                        __base_Flash = 0x0
                0x00100000                        __top_PROGRAM_FLASH = 0x100000
                0x00100000                        __top_Flash = 0x100000
                0x20000000                        __base_SRAM_UPPER = 0x20000000
                0x20000000                        __base_RAM = 0x20000000
                0x20030000                        __top_SRAM_UPPER = 0x20030000
                0x20030000                        __top_RAM = 0x20030000
                0x1fff0000                        __base_SRAM_LOWER = 0x1fff0000
                0x1fff0000                        __base_RAM2 = 0x1fff0000
                0x20000000                        __top_SRAM_LOWER = 0x20000000
                0x20000000                        __top_RAM2 = 0x20000000
                0x14000000                        __base_FLEX_RAM = 0x14000000
                0x14000000                        __base_RAM3 = 0x14000000
                0x14001000                        __top_FLEX_RAM = 0x14001000
                0x14001000                        __top_RAM3 = 0x14001000

.text           0x00000000     0x2fe8
 FILL mask 0xff
                0x00000000                        __vectors_start__ = ABSOLUTE (.)
 *(SORT_BY_ALIGNMENT(.isr_vector))
 .isr_vector    0x00000000      0x198 ./SDK/startup/startup_mk64f12.o
                0x00000000                __Vectors
                0x00000000                g_pfnVectors
                0x00000198                        . = ALIGN (0x4)
                0x00000198                        __section_table_start = .
                0x00000198                        __data_section_table = .
                0x00000198        0x4 LONG 0x2fe8 LOADADDR (.data)
                0x0000019c        0x4 LONG 0x20000000 ADDR (.data)
                0x000001a0        0x4 LONG 0x148 SIZEOF (.data)
                0x000001a4        0x4 LONG 0x2fe8 LOADADDR (.data_RAM2)
                0x000001a8        0x4 LONG 0x1fff0000 ADDR (.data_RAM2)
                0x000001ac        0x4 LONG 0x0 SIZEOF (.data_RAM2)
                0x000001b0        0x4 LONG 0x2fe8 LOADADDR (.data_RAM3)
                0x000001b4        0x4 LONG 0x14000000 ADDR (.data_RAM3)
                0x000001b8        0x4 LONG 0x0 SIZEOF (.data_RAM3)
                0x000001bc                        __data_section_table_end = .
                0x000001bc                        __bss_section_table = .
                0x000001bc        0x4 LONG 0x20000148 ADDR (.bss)
                0x000001c0        0x4 LONG 0x230 SIZEOF (.bss)
                0x000001c4        0x4 LONG 0x1fff0000 ADDR (.bss_RAM2)
                0x000001c8        0x4 LONG 0x0 SIZEOF (.bss_RAM2)
                0x000001cc        0x4 LONG 0x14000000 ADDR (.bss_RAM3)
                0x000001d0        0x4 LONG 0x0 SIZEOF (.bss_RAM3)
                0x000001d4                        __bss_section_table_end = .
                0x000001d4                        __section_table_end = .
 *(SORT_BY_ALIGNMENT(.after_vectors*))
 .after_vectors.reset
                0x000001d4       0x4c ./SDK/startup/startup_mk64f12.o
                0x000001d4                ResetISR
 .after_vectors.init_data
                0x00000220       0x1e ./SDK/startup/startup_mk64f12.o
                0x00000220                data_init
 .after_vectors.init_bss
                0x0000023e       0x12 ./SDK/startup/startup_mk64f12.o
                0x0000023e                bss_init
 .after_vectors
                0x00000250       0x14 ./SDK/startup/startup_mk64f12.o
                0x00000250                NMI_Handler
                0x00000254                MemManage_Handler
                0x00000256                BusFault_Handler
                0x00000258                UsageFault_Handler
                0x0000025a                SVC_Handler
                0x0000025c                DebugMon_Handler
                0x0000025e                PendSV_Handler
                0x00000262                DMA0_DriverIRQHandler
                0x00000262                PORTB_DriverIRQHandler
                0x00000262                DMA12_DriverIRQHandler
                0x00000262                SPI1_DriverIRQHandler
                0x00000262                LPTMR0_DriverIRQHandler
                0x00000262                DMA_Error_DriverIRQHandler
                0x00000262                FTM1_DriverIRQHandler
                0x00000262                FTM2_DriverIRQHandler
                0x00000262                PIT2_DriverIRQHandler
                0x00000262                SDHC_DriverIRQHandler
                0x00000262                I2S0_Tx_DriverIRQHandler
                0x00000262                RTC_Seconds_DriverIRQHandler
                0x00000262                DMA6_DriverIRQHandler
                0x00000262                LLWU_DriverIRQHandler
                0x00000262                MCM_DriverIRQHandler
                0x00000262                MCG_DriverIRQHandler
                0x00000262                ENET_1588_Timer_DriverIRQHandler
                0x00000262                I2C2_DriverIRQHandler
                0x00000262                DAC1_DriverIRQHandler
                0x00000262                CMP1_DriverIRQHandler
                0x00000262                UART5_RX_TX_DriverIRQHandler
                0x00000262                FTM0_DriverIRQHandler
                0x00000262                IntDefaultHandler
                0x00000262                USB0_DriverIRQHandler
                0x00000262                UART5_ERR_DriverIRQHandler
                0x00000262                PORTC_DriverIRQHandler
                0x00000262                DMA11_DriverIRQHandler
                0x00000262                DAC0_DriverIRQHandler
                0x00000262                DMA10_DriverIRQHandler
                0x00000262                CMP2_DriverIRQHandler
                0x00000262                UART2_ERR_DriverIRQHandler
                0x00000262                SPI2_DriverIRQHandler
                0x00000262                LVD_LVW_DriverIRQHandler
                0x00000262                PIT0_DriverIRQHandler
                0x00000262                RNG_DriverIRQHandler
                0x00000262                DMA5_DriverIRQHandler
                0x00000262                DMA4_DriverIRQHandler
                0x00000262                UART2_RX_TX_DriverIRQHandler
                0x00000262                USBDCD_DriverIRQHandler
                0x00000262                UART3_ERR_DriverIRQHandler
                0x00000262                DMA3_DriverIRQHandler
                0x00000262                DMA8_DriverIRQHandler
                0x00000262                DMA9_DriverIRQHandler
                0x00000262                UART0_ERR_DriverIRQHandler
                0x00000262                CMT_DriverIRQHandler
                0x00000262                Reserved71_DriverIRQHandler
                0x00000262                ADC1_DriverIRQHandler
                0x00000262                PORTA_DriverIRQHandler
                0x00000262                DMA14_DriverIRQHandler
                0x00000262                PIT3_DriverIRQHandler
                0x00000262                PIT1_DriverIRQHandler
                0x00000262                WDOG_EWM_DriverIRQHandler
                0x00000262                PDB0_DriverIRQHandler
                0x00000262                RTC_DriverIRQHandler
                0x00000262                I2S0_Rx_DriverIRQHandler
                0x00000262                Read_Collision_DriverIRQHandler
                0x00000262                SWI_DriverIRQHandler
                0x00000262                UART4_RX_TX_DriverIRQHandler
                0x00000262                UART4_ERR_DriverIRQHandler
                0x00000262                UART0_LON_DriverIRQHandler
                0x00000262                DMA1_DriverIRQHandler
                0x00000262                I2C1_DriverIRQHandler
                0x00000262                UART3_RX_TX_DriverIRQHandler
                0x00000262                ENET_Receive_DriverIRQHandler
                0x00000262                DMA13_DriverIRQHandler
                0x00000262                ENET_Error_DriverIRQHandler
                0x00000262                DMA15_DriverIRQHandler
                0x00000262                UART0_RX_TX_DriverIRQHandler
                0x00000262                SPI0_DriverIRQHandler
                0x00000262                ADC0_DriverIRQHandler
                0x00000262                CMP0_DriverIRQHandler
                0x00000262                CAN0_DriverIRQHandler
                0x00000262                FTM3_DriverIRQHandler
                0x00000262                UART1_ERR_DriverIRQHandler
                0x00000262                DMA2_DriverIRQHandler
                0x00000262                ENET_Transmit_DriverIRQHandler
                0x00000262                PORTD_DriverIRQHandler
                0x00000262                PORTE_DriverIRQHandler
                0x00000262                FTFE_DriverIRQHandler
                0x00000262                I2C0_DriverIRQHandler
                0x00000262                DMA7_DriverIRQHandler
                0x00000262                UART1_RX_TX_DriverIRQHandler
                0x00000400                        . = 0x400
 *fill*         0x00000264      0x19c ff
                0x00000400                        PROVIDE (__FLASH_CONFIG_START__ = .)
 *(SORT_BY_ALIGNMENT(.FlashConfig))
 .FlashConfig   0x00000400       0x10 ./SDK/startup/startup_mk64f12.o
                0x00000400                Flash_Config
                0x00000410                        PROVIDE (__FLASH_CONFIG_END__ = .)
                0x00000001                        ASSERT (! ((__FLASH_CONFIG_START__ == __FLASH_CONFIG_END__)), Linker Flash Config Support Enabled, but no .FlashConfig section provided within application)
 *(SORT_BY_ALIGNMENT(.text*))
 .text.SysTick_Handler
                0x00000410       0x7c ./source/mcal/SysTick.o
                0x00000410                SysTick_Handler
 .text.pisr_register
                0x0000048c       0x58 ./source/mcal/SysTick.o
                0x0000048c                pisr_register
 .text.SysTick_Init
                0x000004e4       0x44 ./source/mcal/SysTick.o
                0x000004e4                SysTick_Init
 .text.gpioInit
                0x00000528       0xd4 ./source/mcal/gpio.o
                0x00000528                gpioInit
 .text.gpioMode
                0x000005fc       0x90 ./source/mcal/gpio.o
                0x000005fc                gpioMode
 .text.gpioWrite
                0x0000068c       0x60 ./source/mcal/gpio.o
                0x0000068c                gpioWrite
 .text.gpioRead
                0x000006ec       0x48 ./source/mcal/gpio.o
                0x000006ec                gpioRead
 .text.fallingEdgeIRQC
                0x00000734       0x68 ./source/mcal/gpio.o
                0x00000734                fallingEdgeIRQC
 .text.gpioPullUp
                0x0000079c       0x48 ./source/mcal/gpio.o
                0x0000079c                gpioPullUp
 .text.cleanFlags
                0x000007e4       0xdc ./source/mcal/gpio.o
                0x000007e4                cleanFlags
 .text.__NVIC_EnableIRQ
                0x000008c0       0x3c ./source/hal/IRQN_Ports.o
 .text.__NVIC_ClearPendingIRQ
                0x000008fc       0x3c ./source/hal/IRQN_Ports.o
 .text.__NVIC_SetPriority
                0x00000938       0x54 ./source/hal/IRQN_Ports.o
 .text.PORTC_IRQHandler
                0x0000098c       0x44 ./source/hal/IRQN_Ports.o
                0x0000098c                PORTC_IRQHandler
 .text.setCallbacks
                0x000009d0       0x30 ./source/hal/IRQN_Ports.o
                0x000009d0                setCallbacks
 .text.init_nvic
                0x00000a00       0xbc ./source/hal/IRQN_Ports.o
                0x00000a00                init_nvic
 .text.cardInit
                0x00000abc       0xb0 ./source/hal/card.o
                0x00000abc                cardInit
 .text.timerForTimeout
                0x00000b6c       0x28 ./source/hal/card.o
                0x00000b6c                timerForTimeout
 .text.cardHandler
                0x00000b94      0x248 ./source/hal/card.o
                0x00000b94                cardHandler
 .text.processIdData
                0x00000ddc      0x1e0 ./source/hal/card.o
 .text.cleanBufferAndId
                0x00000fbc       0x54 ./source/hal/card.o
 .text.calculateIdNumber
                0x00001010       0x64 ./source/hal/card.o
 .text.checkTimeout
                0x00001074       0x70 ./source/hal/card.o
 .text.cardAvailable
                0x000010e4       0x18 ./source/hal/card.o
                0x000010e4                cardAvailable
 .text.processCardData
                0x000010fc       0x4c ./source/hal/card.o
                0x000010fc                processCardData
 .text.cardRead
                0x00001148       0x4c ./source/hal/card.o
                0x00001148                cardRead
 .text.initDisplay
                0x00001194       0x28 ./source/hal/display.o
                0x00001194                initDisplay
 .text.getDutyPercentage
                0x000011bc       0x18 ./source/hal/display.o
                0x000011bc                getDutyPercentage
 .text.setDutyPercentage
                0x000011d4       0x2c ./source/hal/display.o
                0x000011d4                setDutyPercentage
 .text.turnOnDisplayLed
                0x00001200       0x2c ./source/hal/display.o
                0x00001200                turnOnDisplayLed
 .text.turnOffDisplayLed
                0x0000122c       0x2c ./source/hal/display.o
                0x0000122c                turnOffDisplayLed
 .text.enableDot
                0x00001258       0x4c ./source/hal/display.o
                0x00001258                enableDot
 .text.writeSegments
                0x000012a4       0x34 ./source/hal/display.o
                0x000012a4                writeSegments
 .text.writeCharacter
                0x000012d8       0x3c ./source/hal/display.o
                0x000012d8                writeCharacter
 .text.writeString
                0x00001314       0xa0 ./source/hal/display.o
                0x00001314                writeString
 .text.cleanDisplay
                0x000013b4       0x68 ./source/hal/display.o
                0x000013b4                cleanDisplay
 .text.updateDisplay
                0x0000141c      0x100 ./source/hal/display.o
 .text.updateDisplayRegisters
                0x0000151c       0x6c ./source/hal/display.o
 .text.updateSlideAndBlink
                0x00001588      0x118 ./source/hal/display.o
 .text.ledOn    0x000016a0       0xf0 ./source/hal/leds.o
                0x000016a0                ledOn
 .text.ledOff   0x00001790       0xa8 ./source/hal/leds.o
                0x00001790                ledOff
 .text.shiftWriteWord
                0x00001838       0x20 ./source/hal/shift.o
                0x00001838                shiftWriteWord
 .text.shiftOutUpdate
                0x00001858       0x60 ./source/hal/shift.o
                0x00001858                shiftOutUpdate
 .text.initTimers
                0x000018b8       0x14 ./source/hal/timers.o
                0x000018b8                initTimers
 .text.timerStart
                0x000018cc       0x2c ./source/hal/timers.o
                0x000018cc                timerStart
 .text.timerFinished
                0x000018f8       0x44 ./source/hal/timers.o
                0x000018f8                timerFinished
 .text.updateTick
                0x0000193c       0x24 ./source/hal/timers.o
 .text.wheelInit
                0x00001960       0x70 ./source/hal/wheel.o
                0x00001960                wheelInit
 .text.wheelReadGPIO
                0x000019d0       0xa4 ./source/hal/wheel.o
                0x000019d0                wheelReadGPIO
 .text.readWheel
                0x00001a74      0x1d0 ./source/hal/wheel.o
                0x00001a74                readWheel
 .text.App_Run  0x00001c44      0x2d8 ./source/app/App.o
                0x00001c44                App_Run
 .text.initIdInput
                0x00001f1c       0x30 ./source/app/id_input.o
                0x00001f1c                initIdInput
 .text.handleIdInput
                0x00001f4c       0xec ./source/app/id_input.o
                0x00001f4c                handleIdInput
 .text.handleIdEdit
                0x00002038       0xbc ./source/app/id_input.o
 .text.handleIdSelectDigit
                0x000020f4       0x84 ./source/app/id_input.o
 .text.updateDisplay
                0x00002178       0x58 ./source/app/id_input.o
 .text.initPassInput
                0x000021d0       0x58 ./source/app/pass_input.o
                0x000021d0                initPassInput
 .text.handlePassInput
                0x00002228       0xf0 ./source/app/pass_input.o
                0x00002228                handlePassInput
 .text.handlePassEdit
                0x00002318      0x178 ./source/app/pass_input.o
 .text.handlePassSelectDigit
                0x00002490       0xb8 ./source/app/pass_input.o
 .text.updateDisplay
                0x00002548       0xc4 ./source/app/pass_input.o
 .text.searchId
                0x0000260c       0x80 ./source/app/user.o
                0x0000260c                searchId
 .text.checkPass
                0x0000268c       0x84 ./source/app/user.o
                0x0000268c                checkPass
 .text.hw_Init  0x00002710      0x108 ./SDK/startup/hardware.o
                0x00002710                hw_Init
 .text.hw_EnableInterrupts
                0x00002818       0x30 ./SDK/startup/hardware.o
                0x00002818                hw_EnableInterrupts
 .text.hw_DisableInterrupts
                0x00002848       0x20 ./SDK/startup/hardware.o
                0x00002848                hw_DisableInterrupts
 .text.SystemInit
                0x00002868       0x3c ./SDK/CMSIS/system_MK64F12.o
                0x00002868                SystemInit
 .text.toggleInterruptFlag
                0x000028a4       0x1c ./source/hal/IRQN_Ports.o
                0x000028a4                toggleInterruptFlag
 .text.get_char_from_bits
                0x000028c0       0x6c ./source/hal/card.o
 .text.make_char
                0x0000292c       0x26 ./source/hal/card.o
 .text.ledsInit
                0x00002952       0x78 ./source/hal/leds.o
                0x00002952                ledsInit
 .text.shiftInit
                0x000029ca       0x44 ./source/hal/shift.o
                0x000029ca                shiftInit
 .text.initSystem
                0x00002a0e       0x18 ./source/hal/system.o
                0x00002a0e                initSystem
 .text.App_Init
                0x00002a26       0x56 ./source/app/App.o
                0x00002a26                App_Init
 .text.resetState
                0x00002a7c       0x4c ./source/app/App.o
                0x00002a7c                resetState
 .text.handleDisplayIntensity
                0x00002ac8       0x54 ./source/app/display_intensity.o
                0x00002ac8                handleDisplayIntensity
 .text.changePass
                0x00002b1c       0x52 ./source/app/user.o
                0x00002b1c                changePass
 .text.clampInc
                0x00002b6e       0x2e ./source/app/utils.o
                0x00002b6e                clampInc
 .text.clampDec
                0x00002b9c       0x2e ./source/app/utils.o
                0x00002b9c                clampDec
 .text.min      0x00002bca       0x28 ./source/app/utils.o
                0x00002bca                min
 .text.max      0x00002bf2       0x28 ./source/app/utils.o
                0x00002bf2                max
 .text.main     0x00002c1a       0x1a ./SDK/startup/main.o
                0x00002c1a                main
 .text.HardFault_Handler
                0x00002c34       0x2c ./SDK/startup/semihost_hardfault.o
                0x00002c34                HardFault_Handler
 .text.DMA0_IRQHandler
                0x00002c60        0x8 ./SDK/startup/startup_mk64f12.o
                0x00002c60                DMA0_IRQHandler
 .text.DMA1_IRQHandler
                0x00002c68        0x8 ./SDK/startup/startup_mk64f12.o
                0x00002c68                DMA1_IRQHandler
 .text.DMA2_IRQHandler
                0x00002c70        0x8 ./SDK/startup/startup_mk64f12.o
                0x00002c70                DMA2_IRQHandler
 .text.DMA3_IRQHandler
                0x00002c78        0x8 ./SDK/startup/startup_mk64f12.o
                0x00002c78                DMA3_IRQHandler
 .text.DMA4_IRQHandler
                0x00002c80        0x8 ./SDK/startup/startup_mk64f12.o
                0x00002c80                DMA4_IRQHandler
 .text.DMA5_IRQHandler
                0x00002c88        0x8 ./SDK/startup/startup_mk64f12.o
                0x00002c88                DMA5_IRQHandler
 .text.DMA6_IRQHandler
                0x00002c90        0x8 ./SDK/startup/startup_mk64f12.o
                0x00002c90                DMA6_IRQHandler
 .text.DMA7_IRQHandler
                0x00002c98        0x8 ./SDK/startup/startup_mk64f12.o
                0x00002c98                DMA7_IRQHandler
 .text.DMA8_IRQHandler
                0x00002ca0        0x8 ./SDK/startup/startup_mk64f12.o
                0x00002ca0                DMA8_IRQHandler
 .text.DMA9_IRQHandler
                0x00002ca8        0x8 ./SDK/startup/startup_mk64f12.o
                0x00002ca8                DMA9_IRQHandler
 .text.DMA10_IRQHandler
                0x00002cb0        0x8 ./SDK/startup/startup_mk64f12.o
                0x00002cb0                DMA10_IRQHandler
 .text.DMA11_IRQHandler
                0x00002cb8        0x8 ./SDK/startup/startup_mk64f12.o
                0x00002cb8                DMA11_IRQHandler
 .text.DMA12_IRQHandler
                0x00002cc0        0x8 ./SDK/startup/startup_mk64f12.o
                0x00002cc0                DMA12_IRQHandler
 .text.DMA13_IRQHandler
                0x00002cc8        0x8 ./SDK/startup/startup_mk64f12.o
                0x00002cc8                DMA13_IRQHandler
 .text.DMA14_IRQHandler
                0x00002cd0        0x8 ./SDK/startup/startup_mk64f12.o
                0x00002cd0                DMA14_IRQHandler
 .text.DMA15_IRQHandler
                0x00002cd8        0x8 ./SDK/startup/startup_mk64f12.o
                0x00002cd8                DMA15_IRQHandler
 .text.DMA_Error_IRQHandler
                0x00002ce0        0x8 ./SDK/startup/startup_mk64f12.o
                0x00002ce0                DMA_Error_IRQHandler
 .text.MCM_IRQHandler
                0x00002ce8        0x8 ./SDK/startup/startup_mk64f12.o
                0x00002ce8                MCM_IRQHandler
 .text.FTFE_IRQHandler
                0x00002cf0        0x8 ./SDK/startup/startup_mk64f12.o
                0x00002cf0                FTFE_IRQHandler
 .text.Read_Collision_IRQHandler
                0x00002cf8        0x8 ./SDK/startup/startup_mk64f12.o
                0x00002cf8                Read_Collision_IRQHandler
 .text.LVD_LVW_IRQHandler
                0x00002d00        0x8 ./SDK/startup/startup_mk64f12.o
                0x00002d00                LVD_LVW_IRQHandler
 .text.LLWU_IRQHandler
                0x00002d08        0x8 ./SDK/startup/startup_mk64f12.o
                0x00002d08                LLWU_IRQHandler
 .text.WDOG_EWM_IRQHandler
                0x00002d10        0x8 ./SDK/startup/startup_mk64f12.o
                0x00002d10                WDOG_EWM_IRQHandler
 .text.RNG_IRQHandler
                0x00002d18        0x8 ./SDK/startup/startup_mk64f12.o
                0x00002d18                RNG_IRQHandler
 .text.I2C0_IRQHandler
                0x00002d20        0x8 ./SDK/startup/startup_mk64f12.o
                0x00002d20                I2C0_IRQHandler
 .text.I2C1_IRQHandler
                0x00002d28        0x8 ./SDK/startup/startup_mk64f12.o
                0x00002d28                I2C1_IRQHandler
 .text.SPI0_IRQHandler
                0x00002d30        0x8 ./SDK/startup/startup_mk64f12.o
                0x00002d30                SPI0_IRQHandler
 .text.SPI1_IRQHandler
                0x00002d38        0x8 ./SDK/startup/startup_mk64f12.o
                0x00002d38                SPI1_IRQHandler
 .text.I2S0_Tx_IRQHandler
                0x00002d40        0x8 ./SDK/startup/startup_mk64f12.o
                0x00002d40                I2S0_Tx_IRQHandler
 .text.I2S0_Rx_IRQHandler
                0x00002d48        0x8 ./SDK/startup/startup_mk64f12.o
                0x00002d48                I2S0_Rx_IRQHandler
 .text.UART0_LON_IRQHandler
                0x00002d50        0x8 ./SDK/startup/startup_mk64f12.o
                0x00002d50                UART0_LON_IRQHandler
 .text.UART0_RX_TX_IRQHandler
                0x00002d58        0x8 ./SDK/startup/startup_mk64f12.o
                0x00002d58                UART0_RX_TX_IRQHandler
 .text.UART0_ERR_IRQHandler
                0x00002d60        0x8 ./SDK/startup/startup_mk64f12.o
                0x00002d60                UART0_ERR_IRQHandler
 .text.UART1_RX_TX_IRQHandler
                0x00002d68        0x8 ./SDK/startup/startup_mk64f12.o
                0x00002d68                UART1_RX_TX_IRQHandler
 .text.UART1_ERR_IRQHandler
                0x00002d70        0x8 ./SDK/startup/startup_mk64f12.o
                0x00002d70                UART1_ERR_IRQHandler
 .text.UART2_RX_TX_IRQHandler
                0x00002d78        0x8 ./SDK/startup/startup_mk64f12.o
                0x00002d78                UART2_RX_TX_IRQHandler
 .text.UART2_ERR_IRQHandler
                0x00002d80        0x8 ./SDK/startup/startup_mk64f12.o
                0x00002d80                UART2_ERR_IRQHandler
 .text.UART3_RX_TX_IRQHandler
                0x00002d88        0x8 ./SDK/startup/startup_mk64f12.o
                0x00002d88                UART3_RX_TX_IRQHandler
 .text.UART3_ERR_IRQHandler
                0x00002d90        0x8 ./SDK/startup/startup_mk64f12.o
                0x00002d90                UART3_ERR_IRQHandler
 .text.ADC0_IRQHandler
                0x00002d98        0x8 ./SDK/startup/startup_mk64f12.o
                0x00002d98                ADC0_IRQHandler
 .text.CMP0_IRQHandler
                0x00002da0        0x8 ./SDK/startup/startup_mk64f12.o
                0x00002da0                CMP0_IRQHandler
 .text.CMP1_IRQHandler
                0x00002da8        0x8 ./SDK/startup/startup_mk64f12.o
                0x00002da8                CMP1_IRQHandler
 .text.FTM0_IRQHandler
                0x00002db0        0x8 ./SDK/startup/startup_mk64f12.o
                0x00002db0                FTM0_IRQHandler
 .text.FTM1_IRQHandler
                0x00002db8        0x8 ./SDK/startup/startup_mk64f12.o
                0x00002db8                FTM1_IRQHandler
 .text.FTM2_IRQHandler
                0x00002dc0        0x8 ./SDK/startup/startup_mk64f12.o
                0x00002dc0                FTM2_IRQHandler
 .text.CMT_IRQHandler
                0x00002dc8        0x8 ./SDK/startup/startup_mk64f12.o
                0x00002dc8                CMT_IRQHandler
 .text.RTC_IRQHandler
                0x00002dd0        0x8 ./SDK/startup/startup_mk64f12.o
                0x00002dd0                RTC_IRQHandler
 .text.RTC_Seconds_IRQHandler
                0x00002dd8        0x8 ./SDK/startup/startup_mk64f12.o
                0x00002dd8                RTC_Seconds_IRQHandler
 .text.PIT0_IRQHandler
                0x00002de0        0x8 ./SDK/startup/startup_mk64f12.o
                0x00002de0                PIT0_IRQHandler
 .text.PIT1_IRQHandler
                0x00002de8        0x8 ./SDK/startup/startup_mk64f12.o
                0x00002de8                PIT1_IRQHandler
 .text.PIT2_IRQHandler
                0x00002df0        0x8 ./SDK/startup/startup_mk64f12.o
                0x00002df0                PIT2_IRQHandler
 .text.PIT3_IRQHandler
                0x00002df8        0x8 ./SDK/startup/startup_mk64f12.o
                0x00002df8                PIT3_IRQHandler
 .text.PDB0_IRQHandler
                0x00002e00        0x8 ./SDK/startup/startup_mk64f12.o
                0x00002e00                PDB0_IRQHandler
 .text.USB0_IRQHandler
                0x00002e08        0x8 ./SDK/startup/startup_mk64f12.o
                0x00002e08                USB0_IRQHandler
 .text.USBDCD_IRQHandler
                0x00002e10        0x8 ./SDK/startup/startup_mk64f12.o
                0x00002e10                USBDCD_IRQHandler
 .text.Reserved71_IRQHandler
                0x00002e18        0x8 ./SDK/startup/startup_mk64f12.o
                0x00002e18                Reserved71_IRQHandler
 .text.DAC0_IRQHandler
                0x00002e20        0x8 ./SDK/startup/startup_mk64f12.o
                0x00002e20                DAC0_IRQHandler
 .text.MCG_IRQHandler
                0x00002e28        0x8 ./SDK/startup/startup_mk64f12.o
                0x00002e28                MCG_IRQHandler
 .text.LPTMR0_IRQHandler
                0x00002e30        0x8 ./SDK/startup/startup_mk64f12.o
                0x00002e30                LPTMR0_IRQHandler
 .text.PORTA_IRQHandler
                0x00002e38        0x8 ./SDK/startup/startup_mk64f12.o
                0x00002e38                PORTA_IRQHandler
 .text.PORTB_IRQHandler
                0x00002e40        0x8 ./SDK/startup/startup_mk64f12.o
                0x00002e40                PORTB_IRQHandler
 .text.PORTD_IRQHandler
                0x00002e48        0x8 ./SDK/startup/startup_mk64f12.o
                0x00002e48                PORTD_IRQHandler
 .text.PORTE_IRQHandler
                0x00002e50        0x8 ./SDK/startup/startup_mk64f12.o
                0x00002e50                PORTE_IRQHandler
 .text.SWI_IRQHandler
                0x00002e58        0x8 ./SDK/startup/startup_mk64f12.o
                0x00002e58                SWI_IRQHandler
 .text.SPI2_IRQHandler
                0x00002e60        0x8 ./SDK/startup/startup_mk64f12.o
                0x00002e60                SPI2_IRQHandler
 .text.UART4_RX_TX_IRQHandler
                0x00002e68        0x8 ./SDK/startup/startup_mk64f12.o
                0x00002e68                UART4_RX_TX_IRQHandler
 .text.UART4_ERR_IRQHandler
                0x00002e70        0x8 ./SDK/startup/startup_mk64f12.o
                0x00002e70                UART4_ERR_IRQHandler
 .text.UART5_RX_TX_IRQHandler
                0x00002e78        0x8 ./SDK/startup/startup_mk64f12.o
                0x00002e78                UART5_RX_TX_IRQHandler
 .text.UART5_ERR_IRQHandler
                0x00002e80        0x8 ./SDK/startup/startup_mk64f12.o
                0x00002e80                UART5_ERR_IRQHandler
 .text.CMP2_IRQHandler
                0x00002e88        0x8 ./SDK/startup/startup_mk64f12.o
                0x00002e88                CMP2_IRQHandler
 .text.FTM3_IRQHandler
                0x00002e90        0x8 ./SDK/startup/startup_mk64f12.o
                0x00002e90                FTM3_IRQHandler
 .text.DAC1_IRQHandler
                0x00002e98        0x8 ./SDK/startup/startup_mk64f12.o
                0x00002e98                DAC1_IRQHandler
 .text.ADC1_IRQHandler
                0x00002ea0        0x8 ./SDK/startup/startup_mk64f12.o
                0x00002ea0                ADC1_IRQHandler
 .text.I2C2_IRQHandler
                0x00002ea8        0x8 ./SDK/startup/startup_mk64f12.o
                0x00002ea8                I2C2_IRQHandler
 .text.CAN0_ORed_Message_buffer_IRQHandler
                0x00002eb0        0x8 ./SDK/startup/startup_mk64f12.o
                0x00002eb0                CAN0_ORed_Message_buffer_IRQHandler
 .text.CAN0_Bus_Off_IRQHandler
                0x00002eb8        0x8 ./SDK/startup/startup_mk64f12.o
                0x00002eb8                CAN0_Bus_Off_IRQHandler
 .text.CAN0_Error_IRQHandler
                0x00002ec0        0x8 ./SDK/startup/startup_mk64f12.o
                0x00002ec0                CAN0_Error_IRQHandler
 .text.CAN0_Tx_Warning_IRQHandler
                0x00002ec8        0x8 ./SDK/startup/startup_mk64f12.o
                0x00002ec8                CAN0_Tx_Warning_IRQHandler
 .text.CAN0_Rx_Warning_IRQHandler
                0x00002ed0        0x8 ./SDK/startup/startup_mk64f12.o
                0x00002ed0                CAN0_Rx_Warning_IRQHandler
 .text.CAN0_Wake_Up_IRQHandler
                0x00002ed8        0x8 ./SDK/startup/startup_mk64f12.o
                0x00002ed8                CAN0_Wake_Up_IRQHandler
 .text.SDHC_IRQHandler
                0x00002ee0        0x8 ./SDK/startup/startup_mk64f12.o
                0x00002ee0                SDHC_IRQHandler
 .text.ENET_1588_Timer_IRQHandler
                0x00002ee8        0x8 ./SDK/startup/startup_mk64f12.o
                0x00002ee8                ENET_1588_Timer_IRQHandler
 .text.ENET_Transmit_IRQHandler
                0x00002ef0        0x8 ./SDK/startup/startup_mk64f12.o
                0x00002ef0                ENET_Transmit_IRQHandler
 .text.ENET_Receive_IRQHandler
                0x00002ef8        0x8 ./SDK/startup/startup_mk64f12.o
                0x00002ef8                ENET_Receive_IRQHandler
 .text.ENET_Error_IRQHandler
                0x00002f00        0x8 ./SDK/startup/startup_mk64f12.o
                0x00002f00                ENET_Error_IRQHandler
 .text.SystemInitHook
                0x00002f08        0xe ./SDK/CMSIS/system_MK64F12.o
                0x00002f08                SystemInitHook
 *(SORT_BY_ALIGNMENT(.rodata) SORT_BY_ALIGNMENT(.rodata.*) SORT_BY_ALIGNMENT(.constdata) SORT_BY_ALIGNMENT(.constdata.*))
 *fill*         0x00002f16        0x2 ff
 .rodata.pPorts
                0x00002f18       0x14 ./source/mcal/gpio.o
 .rodata.pGpios
                0x00002f2c       0x14 ./source/mcal/gpio.o
 .rodata.table.2
                0x00002f40       0x10 ./source/hal/wheel.o
 .rodata.App_Run.str1.4
                0x00002f50       0x82 ./source/app/App.o
                                 0x71 (size before relaxing)
 *fill*         0x00002fd2        0x2 ff
 .rodata        0x00002fd4        0xd ./source/app/id_input.o
 .rodata.initPassInput.str1.4
                0x00002fe1        0xe ./source/app/pass_input.o
                0x00002ff0                        . = ALIGN (0x8)
 *fill*         0x00002fe1        0x7 ff

.glue_7         0x00002fe8        0x0
 .glue_7        0x00002fe8        0x0 linker stubs

.glue_7t        0x00002fe8        0x0
 .glue_7t       0x00002fe8        0x0 linker stubs

.vfp11_veneer   0x00002fe8        0x0
 .vfp11_veneer  0x00002fe8        0x0 linker stubs

.v4_bx          0x00002fe8        0x0
 .v4_bx         0x00002fe8        0x0 linker stubs

.iplt           0x00002fe8        0x0
 .iplt          0x00002fe8        0x0 ./source/mcal/SysTick.o

.rel.dyn        0x00002fe8        0x0
 .rel.iplt      0x00002fe8        0x0 ./source/mcal/SysTick.o

.ARM.extab
 *(SORT_BY_ALIGNMENT(.ARM.extab*) SORT_BY_ALIGNMENT(.gnu.linkonce.armextab.*))

.ARM.exidx      0x00002fe8        0x0
                0x00002fe8                        __exidx_start = .
 *(SORT_BY_ALIGNMENT(.ARM.exidx*) SORT_BY_ALIGNMENT(.gnu.linkonce.armexidx.*))
                0x00002fe8                        __exidx_end = .
                0x00002fe8                        _etext = .

.m_usb_data
 *(SORT_BY_ALIGNMENT(m_usb_bdt))

.data_RAM2      0x1fff0000        0x0 load address 0x00002fe8
 FILL mask 0xff
                [!provide]                        PROVIDE (__start_data_RAM2 = .)
                [!provide]                        PROVIDE (__start_data_SRAM_LOWER = .)
 *(SORT_BY_ALIGNMENT(.ramfunc.$RAM2))
 *(SORT_BY_ALIGNMENT(.ramfunc.$SRAM_LOWER))
 *(SORT_BY_ALIGNMENT(.data.$RAM2))
 *(SORT_BY_ALIGNMENT(.data.$SRAM_LOWER))
 *(SORT_BY_ALIGNMENT(.data.$RAM2.*))
 *(SORT_BY_ALIGNMENT(.data.$SRAM_LOWER.*))
                0x1fff0000                        . = ALIGN (0x8)
                [!provide]                        PROVIDE (__end_data_RAM2 = .)
                [!provide]                        PROVIDE (__end_data_SRAM_LOWER = .)

.data_RAM3      0x14000000        0x0 load address 0x00002fe8
 FILL mask 0xff
                [!provide]                        PROVIDE (__start_data_RAM3 = .)
                [!provide]                        PROVIDE (__start_data_FLEX_RAM = .)
 *(SORT_BY_ALIGNMENT(.ramfunc.$RAM3))
 *(SORT_BY_ALIGNMENT(.ramfunc.$FLEX_RAM))
 *(SORT_BY_ALIGNMENT(.data.$RAM3))
 *(SORT_BY_ALIGNMENT(.data.$FLEX_RAM))
 *(SORT_BY_ALIGNMENT(.data.$RAM3.*))
 *(SORT_BY_ALIGNMENT(.data.$FLEX_RAM.*))
                0x14000000                        . = ALIGN (0x8)
                [!provide]                        PROVIDE (__end_data_RAM3 = .)
                [!provide]                        PROVIDE (__end_data_FLEX_RAM = .)

.uninit_RESERVED
                0x20000000        0x0
                0x20000000                        _start_uninit_RESERVED = .
 *(SORT_BY_ALIGNMENT(.bss.$RESERVED*))
                0x20000000                        . = ALIGN (0x8)
                0x20000000                        _end_uninit_RESERVED = .

.data           0x20000000      0x148 load address 0x00002fe8
 FILL mask 0xff
                0x20000000                        _data = .
                [!provide]                        PROVIDE (__start_data_RAM = .)
                [!provide]                        PROVIDE (__start_data_SRAM_UPPER = .)
 *(SORT_BY_ALIGNMENT(vtable))
 *(SORT_BY_ALIGNMENT(.ramfunc*))
 *(SORT_BY_ALIGNMENT(CodeQuickAccess))
 *(SORT_BY_ALIGNMENT(DataQuickAccess))
 *(SORT_BY_ALIGNMENT(RamFunction))
 *(SORT_BY_ALIGNMENT(.data*))
 .data.app.0    0x20000000       0x80 ./source/app/App.o
 .data.char2segments
                0x20000080       0x60 ./source/hal/display.o
 .data.input    0x200000e0        0xd ./source/app/id_input.o
 *fill*         0x200000ed        0x3 ff
 .data.input    0x200000f0       0x10 ./source/app/pass_input.o
 .data.userDataset
                0x20000100       0x3c ./source/app/user.o
                0x20000100                userDataset
 .data.SystemCoreClock
                0x2000013c        0x4 ./SDK/CMSIS/system_MK64F12.o
                0x2000013c                SystemCoreClock
 .data.dutyPercentage
                0x20000140        0x1 ./source/hal/display.o
                0x20000148                        . = ALIGN (0x8)
 *fill*         0x20000141        0x7 ff
                0x20000148                        _edata = .
                [!provide]                        PROVIDE (__end_data_RAM = .)
                [!provide]                        PROVIDE (__end_data_SRAM_UPPER = .)

.igot.plt       0x20000148        0x0 load address 0x00003130
 .igot.plt      0x20000148        0x0 ./source/mcal/SysTick.o

.bss_RAM2       0x1fff0000        0x0
                [!provide]                        PROVIDE (__start_bss_RAM2 = .)
                [!provide]                        PROVIDE (__start_bss_SRAM_LOWER = .)
 *(SORT_BY_ALIGNMENT(.bss.$RAM2))
 *(SORT_BY_ALIGNMENT(.bss.$SRAM_LOWER))
 *(SORT_BY_ALIGNMENT(.bss.$RAM2.*))
 *(SORT_BY_ALIGNMENT(.bss.$SRAM_LOWER.*))
                0x1fff0000                        . = ALIGN ((. != 0x0)?0x8:0x1)
                [!provide]                        PROVIDE (__end_bss_RAM2 = .)
                [!provide]                        PROVIDE (__end_bss_SRAM_LOWER = .)

.bss_RAM3       0x14000000        0x0
                [!provide]                        PROVIDE (__start_bss_RAM3 = .)
                [!provide]                        PROVIDE (__start_bss_FLEX_RAM = .)
 *(SORT_BY_ALIGNMENT(.bss.$RAM3))
 *(SORT_BY_ALIGNMENT(.bss.$FLEX_RAM))
 *(SORT_BY_ALIGNMENT(.bss.$RAM3.*))
 *(SORT_BY_ALIGNMENT(.bss.$FLEX_RAM.*))
                0x14000000                        . = ALIGN ((. != 0x0)?0x8:0x1)
                [!provide]                        PROVIDE (__end_bss_RAM3 = .)
                [!provide]                        PROVIDE (__end_bss_FLEX_RAM = .)

.bss            0x20000148      0x230
                0x20000148                        _bss = .
                [!provide]                        PROVIDE (__start_bss_RAM = .)
                [!provide]                        PROVIDE (__start_bss_SRAM_UPPER = .)
 *(SORT_BY_ALIGNMENT(.bss*))
 .bss.ticks     0x20000148        0x8 ./source/hal/timers.o
                0x20000148                ticks
 .bss.interruptions
                0x20000150       0x40 ./source/mcal/SysTick.o
 .bss.isr_count
                0x20000190        0x4 ./source/mcal/SysTick.o
 .bss.pisr_registered
                0x20000194        0x4 ./source/mcal/SysTick.o
 .bss.pCallBackList
                0x20000198       0xa0 ./source/hal/IRQN_Ports.o
                0x20000198                pCallBackList
 .bss.bitBuffer
                0x20000238       0x50 ./source/hal/card.o
 .bss.bitCount  0x20000288        0x4 ./source/hal/card.o
 .bss.lastBitTime
                0x2000028c        0x4 ./source/hal/card.o
                0x2000028c                lastBitTime
 .bss.timeoutCounter
                0x20000290        0x4 ./source/hal/card.o
                0x20000290                timeoutCounter
 .bss.id        0x20000294        0x8 ./source/hal/card.o
                0x20000294                id
 .bss.lastCard  0x2000029c        0x4 ./source/hal/card.o
 .bss.ESIdx     0x200002a0        0x4 ./source/hal/card.o
 .bss.digits    0x200002a4        0x4 ./source/hal/display.o
 .bss.displayString
                0x200002a8       0x34 ./source/hal/display.o
 .bss.digitBlink
                0x200002dc        0x4 ./source/hal/display.o
 .bss.blinkBuf  0x200002e0        0x4 ./source/hal/display.o
 .bss.leds      0x200002e4        0x3 ./source/hal/display.o
 *fill*         0x200002e7        0x1 
 .bss.duty.2    0x200002e8        0x4 ./source/hal/display.o
 .bss.encoderData
                0x200002ec       0x64 ./source/hal/wheel.o
 .bss.idx       0x20000350        0x4 ./source/hal/wheel.o
 .bss.timeCounter
                0x20000354        0x4 ./source/hal/wheel.o
 .bss.clickState.4
                0x20000358        0x4 ./source/hal/wheel.o
 .bss.pressState.0
                0x2000035c        0x4 ./source/hal/wheel.o
 .bss.__LDM_interruptDisableCount
                0x20000360        0x4 ./SDK/startup/hardware.o
 .bss.shiftRegister
                0x20000364        0x2 ./source/hal/shift.o
 .bss.receiving
                0x20000366        0x1 ./source/hal/card.o
 .bss.cardIsReadyFlag
                0x20000367        0x1 ./source/hal/card.o
 .bss.firstSSBit
                0x20000368        0x1 ./source/hal/card.o
 .bss.flagES    0x20000369        0x1 ./source/hal/card.o
 .bss.shiftReg.1
                0x2000036a        0x1 ./source/hal/card.o
 .bss.shiftCount.0
                0x2000036b        0x1 ./source/hal/card.o
 .bss.displayStringLen
                0x2000036c        0x1 ./source/hal/display.o
 .bss.currentDigit.3
                0x2000036d        0x1 ./source/hal/display.o
 .bss.currentLed.1
                0x2000036e        0x1 ./source/hal/display.o
 .bss.slideIdx.0
                0x2000036f        0x1 ./source/hal/display.o
 .bss.prev.3    0x20000370        0x1 ./source/hal/wheel.o
 .bss.acc.1     0x20000371        0x1 ./source/hal/wheel.o
 .bss.state     0x20000372        0x1 ./source/app/id_input.o
 .bss.state     0x20000373        0x1 ./source/app/pass_input.o
 .bss.passChange
                0x20000374        0x1 ./source/app/pass_input.o
 *(SORT_BY_ALIGNMENT(COMMON))
                0x20000378                        . = ALIGN (0x8)
 *fill*         0x20000375        0x3 
                0x20000378                        _ebss = .
                [!provide]                        PROVIDE (__end_bss_RAM = .)
                [!provide]                        PROVIDE (__end_bss_SRAM_UPPER = .)
                [!provide]                        PROVIDE (end = .)

.noinit_RAM2    0x1fff0000        0x0
                [!provide]                        PROVIDE (__start_noinit_RAM2 = .)
                [!provide]                        PROVIDE (__start_noinit_SRAM_LOWER = .)
 *(SORT_BY_ALIGNMENT(.noinit.$RAM2))
 *(SORT_BY_ALIGNMENT(.noinit.$SRAM_LOWER))
 *(SORT_BY_ALIGNMENT(.noinit.$RAM2.*))
 *(SORT_BY_ALIGNMENT(.noinit.$SRAM_LOWER.*))
                0x1fff0000                        . = ALIGN (0x8)
                [!provide]                        PROVIDE (__end_noinit_RAM2 = .)
                [!provide]                        PROVIDE (__end_noinit_SRAM_LOWER = .)

.noinit_RAM3    0x14000000        0x0
                [!provide]                        PROVIDE (__start_noinit_RAM3 = .)
                [!provide]                        PROVIDE (__start_noinit_FLEX_RAM = .)
 *(SORT_BY_ALIGNMENT(.noinit.$RAM3))
 *(SORT_BY_ALIGNMENT(.noinit.$FLEX_RAM))
 *(SORT_BY_ALIGNMENT(.noinit.$RAM3.*))
 *(SORT_BY_ALIGNMENT(.noinit.$FLEX_RAM.*))
                0x14000000                        . = ALIGN (0x8)
                [!provide]                        PROVIDE (__end_noinit_RAM3 = .)
                [!provide]                        PROVIDE (__end_noinit_FLEX_RAM = .)

.noinit         0x20000378        0x0
                0x20000378                        _noinit = .
                [!provide]                        PROVIDE (__start_noinit_RAM = .)
                [!provide]                        PROVIDE (__start_noinit_SRAM_UPPER = .)
 *(SORT_BY_ALIGNMENT(.noinit*))
                0x20000378                        . = ALIGN (0x8)
                0x20000378                        _end_noinit = .
                [!provide]                        PROVIDE (__end_noinit_RAM = .)
                [!provide]                        PROVIDE (__end_noinit_SRAM_UPPER = .)
                0x00001000                        _HeapSize = 0x1000

.heap           0x20000378     0x1000
                0x20000378                        _pvHeapStart = .
                0x20001378                        . = (. + _HeapSize)
 *fill*         0x20000378     0x1000 
                0x20001378                        . = ALIGN (0x8)
                0x20001378                        _pvHeapLimit = .
                0x00001000                        _StackSize = 0x1000

.heap2stackfill
                0x20001378     0x1000
                0x20002378                        . = (. + _StackSize)
 *fill*         0x20001378     0x1000 

.stack          0x2002f000        0x0
                0x2002f000                        _vStackBase = .
                0x2002f000                        . = ALIGN (0x8)
                0x20030000                        _vStackTop = (. + _StackSize)
                0x00000000                        _image_start = LOADADDR (.text)
                0x00003130                        _image_end = (LOADADDR (.data) + SIZEOF (.data))
                0x00003130                        _image_size = (_image_end - _image_start)
OUTPUT(ProtocolosDeComunicacion.axf elf32-littlearm)
LOAD linker stubs

.debug_info     0x00000000     0x54c4
 .debug_info    0x00000000      0x220 ./source/mcal/SysTick.o
 .debug_info    0x00000220      0x709 ./source/mcal/gpio.o
 .debug_info    0x00000929      0x7d9 ./source/hal/IRQN_Ports.o
 .debug_info    0x00001102      0x6ae ./source/hal/card.o
 .debug_info    0x000017b0      0x549 ./source/hal/display.o
 .debug_info    0x00001cf9      0x1ea ./source/hal/leds.o
 .debug_info    0x00001ee3      0x1d2 ./source/hal/shift.o
 .debug_info    0x000020b5       0xbf ./source/hal/system.o
 .debug_info    0x00002174      0x1b4 ./source/hal/timers.o
 .debug_info    0x00002328      0x361 ./source/hal/wheel.o
 .debug_info    0x00002689      0x61b ./source/app/App.o
 .debug_info    0x00002ca4      0x133 ./source/app/display_intensity.o
 .debug_info    0x00002dd7      0x40d ./source/app/id_input.o
 .debug_info    0x000031e4      0x413 ./source/app/pass_input.o
 .debug_info    0x000035f7      0x296 ./source/app/user.o
 .debug_info    0x0000388d      0x154 ./source/app/utils.o
 .debug_info    0x000039e1      0x6b2 ./SDK/startup/hardware.o
 .debug_info    0x00004093       0xae ./SDK/startup/main.o
 .debug_info    0x00004141       0x3c ./SDK/startup/semihost_hardfault.o
 .debug_info    0x0000417d      0xd0c ./SDK/startup/startup_mk64f12.o
 .debug_info    0x00004e89      0x63b ./SDK/CMSIS/system_MK64F12.o

.debug_abbrev   0x00000000     0x1bbe
 .debug_abbrev  0x00000000      0x180 ./source/mcal/SysTick.o
 .debug_abbrev  0x00000180      0x17c ./source/mcal/gpio.o
 .debug_abbrev  0x000002fc      0x21d ./source/hal/IRQN_Ports.o
 .debug_abbrev  0x00000519      0x2ab ./source/hal/card.o
 .debug_abbrev  0x000007c4      0x1f8 ./source/hal/display.o
 .debug_abbrev  0x000009bc       0xdf ./source/hal/leds.o
 .debug_abbrev  0x00000a9b      0x133 ./source/hal/shift.o
 .debug_abbrev  0x00000bce       0x87 ./source/hal/system.o
 .debug_abbrev  0x00000c55      0x118 ./source/hal/timers.o
 .debug_abbrev  0x00000d6d      0x1a3 ./source/hal/wheel.o
 .debug_abbrev  0x00000f10      0x1c3 ./source/app/App.o
 .debug_abbrev  0x000010d3       0xbb ./source/app/display_intensity.o
 .debug_abbrev  0x0000118e      0x1ee ./source/app/id_input.o
 .debug_abbrev  0x0000137c      0x1b7 ./source/app/pass_input.o
 .debug_abbrev  0x00001533      0x138 ./source/app/user.o
 .debug_abbrev  0x0000166b       0xb6 ./source/app/utils.o
 .debug_abbrev  0x00001721      0x12e ./SDK/startup/hardware.o
 .debug_abbrev  0x0000184f       0x5c ./SDK/startup/main.o
 .debug_abbrev  0x000018ab       0x31 ./SDK/startup/semihost_hardfault.o
 .debug_abbrev  0x000018dc      0x19a ./SDK/startup/startup_mk64f12.o
 .debug_abbrev  0x00001a76      0x148 ./SDK/CMSIS/system_MK64F12.o

.debug_aranges  0x00000000      0x7e8
 .debug_aranges
                0x00000000       0x30 ./source/mcal/SysTick.o
 .debug_aranges
                0x00000030       0x60 ./source/mcal/gpio.o
 .debug_aranges
                0x00000090       0x50 ./source/hal/IRQN_Ports.o
 .debug_aranges
                0x000000e0       0x78 ./source/hal/card.o
 .debug_aranges
                0x00000158       0x80 ./source/hal/display.o
 .debug_aranges
                0x000001d8       0x38 ./source/hal/leds.o
 .debug_aranges
                0x00000210       0x40 ./source/hal/shift.o
 .debug_aranges
                0x00000250       0x20 ./source/hal/system.o
 .debug_aranges
                0x00000270       0x40 ./source/hal/timers.o
 .debug_aranges
                0x000002b0       0x30 ./source/hal/wheel.o
 .debug_aranges
                0x000002e0       0x30 ./source/app/App.o
 .debug_aranges
                0x00000310       0x20 ./source/app/display_intensity.o
 .debug_aranges
                0x00000330       0x40 ./source/app/id_input.o
 .debug_aranges
                0x00000370       0x40 ./source/app/pass_input.o
 .debug_aranges
                0x000003b0       0x30 ./source/app/user.o
 .debug_aranges
                0x000003e0       0x38 ./source/app/utils.o
 .debug_aranges
                0x00000418       0x30 ./SDK/startup/hardware.o
 .debug_aranges
                0x00000448       0x20 ./SDK/startup/main.o
 .debug_aranges
                0x00000468       0x20 ./SDK/startup/semihost_hardfault.o
 .debug_aranges
                0x00000488      0x330 ./SDK/startup/startup_mk64f12.o
 .debug_aranges
                0x000007b8       0x30 ./SDK/CMSIS/system_MK64F12.o

.debug_ranges   0x00000000      0x6c8
 .debug_ranges  0x00000000       0x20 ./source/mcal/SysTick.o
 .debug_ranges  0x00000020       0x50 ./source/mcal/gpio.o
 .debug_ranges  0x00000070       0x40 ./source/hal/IRQN_Ports.o
 .debug_ranges  0x000000b0       0x68 ./source/hal/card.o
 .debug_ranges  0x00000118       0x70 ./source/hal/display.o
 .debug_ranges  0x00000188       0x28 ./source/hal/leds.o
 .debug_ranges  0x000001b0       0x30 ./source/hal/shift.o
 .debug_ranges  0x000001e0       0x10 ./source/hal/system.o
 .debug_ranges  0x000001f0       0x30 ./source/hal/timers.o
 .debug_ranges  0x00000220       0x20 ./source/hal/wheel.o
 .debug_ranges  0x00000240       0x50 ./source/app/App.o
 .debug_ranges  0x00000290       0x10 ./source/app/display_intensity.o
 .debug_ranges  0x000002a0       0x30 ./source/app/id_input.o
 .debug_ranges  0x000002d0       0x30 ./source/app/pass_input.o
 .debug_ranges  0x00000300       0x20 ./source/app/user.o
 .debug_ranges  0x00000320       0x28 ./source/app/utils.o
 .debug_ranges  0x00000348       0x20 ./SDK/startup/hardware.o
 .debug_ranges  0x00000368       0x10 ./SDK/startup/main.o
 .debug_ranges  0x00000378       0x10 ./SDK/startup/semihost_hardfault.o
 .debug_ranges  0x00000388      0x320 ./SDK/startup/startup_mk64f12.o
 .debug_ranges  0x000006a8       0x20 ./SDK/CMSIS/system_MK64F12.o

.debug_macro    0x00000000    0x12847
 .debug_macro   0x00000000       0xb5 ./source/mcal/SysTick.o
 .debug_macro   0x000000b5      0xad8 ./source/mcal/SysTick.o
 .debug_macro   0x00000b8d       0x22 ./source/mcal/SysTick.o
 .debug_macro   0x00000baf      0x34e ./source/mcal/SysTick.o
 .debug_macro   0x00000efd       0x10 ./source/mcal/SysTick.o
 .debug_macro   0x00000f0d       0x10 ./source/mcal/SysTick.o
 .debug_macro   0x00000f1d       0x5c ./source/mcal/SysTick.o
 .debug_macro   0x00000f79       0x1c ./source/mcal/SysTick.o
 .debug_macro   0x00000f95       0x22 ./source/mcal/SysTick.o
 .debug_macro   0x00000fb7       0xd9 ./source/mcal/SysTick.o
 .debug_macro   0x00001090      0xecf ./source/mcal/SysTick.o
 .debug_macro   0x00001f5f       0x48 ./source/mcal/SysTick.o
 .debug_macro   0x00001fa7     0xe07b ./source/mcal/SysTick.o
 .debug_macro   0x00010022     0x122b ./source/mcal/SysTick.o
 .debug_macro   0x0001124d       0x16 ./source/mcal/SysTick.o
 .debug_macro   0x00011263       0xab ./source/mcal/gpio.o
 .debug_macro   0x0001130e       0x3a ./source/mcal/gpio.o
 .debug_macro   0x00011348       0xca ./source/hal/IRQN_Ports.o
 .debug_macro   0x00011412       0x76 ./source/hal/IRQN_Ports.o
 .debug_macro   0x00011488      0x1df ./source/hal/card.o
 .debug_macro   0x00011667       0x40 ./source/hal/card.o
 .debug_macro   0x000116a7       0x70 ./source/hal/card.o
 .debug_macro   0x00011717       0x16 ./source/hal/card.o
 .debug_macro   0x0001172d       0x22 ./source/hal/card.o
 .debug_macro   0x0001174f       0x75 ./source/hal/card.o
 .debug_macro   0x000117c4       0x2a ./source/hal/card.o
 .debug_macro   0x000117ee       0x94 ./source/hal/card.o
 .debug_macro   0x00011882       0x3c ./source/hal/card.o
 .debug_macro   0x000118be       0x34 ./source/hal/card.o
 .debug_macro   0x000118f2      0x190 ./source/hal/card.o
 .debug_macro   0x00011a82       0x57 ./source/hal/card.o
 .debug_macro   0x00011ad9      0x364 ./source/hal/card.o
 .debug_macro   0x00011e3d       0x16 ./source/hal/card.o
 .debug_macro   0x00011e53       0x4a ./source/hal/card.o
 .debug_macro   0x00011e9d       0x34 ./source/hal/card.o
 .debug_macro   0x00011ed1       0x10 ./source/hal/card.o
 .debug_macro   0x00011ee1       0x58 ./source/hal/card.o
 .debug_macro   0x00011f39      0x1e5 ./source/hal/card.o
 .debug_macro   0x0001211e       0x10 ./source/hal/card.o
 .debug_macro   0x0001212e       0x3c ./source/hal/card.o
 .debug_macro   0x0001216a       0x85 ./source/hal/display.o
 .debug_macro   0x000121ef       0x10 ./source/hal/display.o
 .debug_macro   0x000121ff       0x49 ./source/hal/leds.o
 .debug_macro   0x00012248       0x59 ./source/hal/shift.o
 .debug_macro   0x000122a1       0x40 ./source/hal/system.o
 .debug_macro   0x000122e1       0x40 ./source/hal/timers.o
 .debug_macro   0x00012321       0x90 ./source/hal/wheel.o
 .debug_macro   0x000123b1       0xb3 ./source/app/App.o
 .debug_macro   0x00012464       0x16 ./source/app/App.o
 .debug_macro   0x0001247a       0x10 ./source/app/App.o
 .debug_macro   0x0001248a       0x10 ./source/app/App.o
 .debug_macro   0x0001249a       0x10 ./source/app/App.o
 .debug_macro   0x000124aa       0x10 ./source/app/App.o
 .debug_macro   0x000124ba       0x10 ./source/app/App.o
 .debug_macro   0x000124ca       0x4a ./source/app/display_intensity.o
 .debug_macro   0x00012514       0x71 ./source/app/id_input.o
 .debug_macro   0x00012585       0x5f ./source/app/pass_input.o
 .debug_macro   0x000125e4       0x3d ./source/app/user.o
 .debug_macro   0x00012621       0x34 ./source/app/utils.o
 .debug_macro   0x00012655       0x9c ./SDK/startup/hardware.o
 .debug_macro   0x000126f1       0x9c ./SDK/startup/main.o
 .debug_macro   0x0001278d       0x11 ./SDK/startup/semihost_hardfault.o
 .debug_macro   0x0001279e       0x29 ./SDK/startup/startup_mk64f12.o
 .debug_macro   0x000127c7       0x80 ./SDK/CMSIS/system_MK64F12.o

.debug_line     0x00000000     0x4142
 .debug_line    0x00000000      0x27b ./source/mcal/SysTick.o
 .debug_line    0x0000027b      0x3cb ./source/mcal/gpio.o
 .debug_line    0x00000646      0x317 ./source/hal/IRQN_Ports.o
 .debug_line    0x0000095d      0x889 ./source/hal/card.o
 .debug_line    0x000011e6      0x46d ./source/hal/display.o
 .debug_line    0x00001653      0x1ed ./source/hal/leds.o
 .debug_line    0x00001840      0x1d6 ./source/hal/shift.o
 .debug_line    0x00001a16      0x11b ./source/hal/system.o
 .debug_line    0x00001b31      0x186 ./source/hal/timers.o
 .debug_line    0x00001cb7      0x30a ./source/hal/wheel.o
 .debug_line    0x00001fc1      0x3b7 ./source/app/App.o
 .debug_line    0x00002378      0x157 ./source/app/display_intensity.o
 .debug_line    0x000024cf      0x302 ./source/app/id_input.o
 .debug_line    0x000027d1      0x463 ./source/app/pass_input.o
 .debug_line    0x00002c34      0x1e9 ./source/app/user.o
 .debug_line    0x00002e1d      0x14b ./source/app/utils.o
 .debug_line    0x00002f68      0x2ab ./SDK/startup/hardware.o
 .debug_line    0x00003213      0x1ab ./SDK/startup/main.o
 .debug_line    0x000033be       0x5f ./SDK/startup/semihost_hardfault.o
 .debug_line    0x0000341d      0xa0d ./SDK/startup/startup_mk64f12.o
 .debug_line    0x00003e2a      0x318 ./SDK/CMSIS/system_MK64F12.o

.debug_str      0x00000000    0x7c392
 .debug_str     0x00000000    0x7c392 ./source/mcal/SysTick.o
                              0x7724b (size before relaxing)
 .debug_str     0x0007c392    0x773dc ./source/mcal/gpio.o
 .debug_str     0x0007c392    0x77a97 ./source/hal/IRQN_Ports.o
 .debug_str     0x0007c392    0x7a92a ./source/hal/card.o
 .debug_str     0x0007c392     0x3cd0 ./source/hal/display.o
 .debug_str     0x0007c392     0x3ce4 ./source/hal/leds.o
 .debug_str     0x0007c392     0x3d17 ./source/hal/shift.o
 .debug_str     0x0007c392     0x3a26 ./source/hal/system.o
 .debug_str     0x0007c392     0x3aa2 ./source/hal/timers.o
 .debug_str     0x0007c392     0x3e7f ./source/hal/wheel.o
 .debug_str     0x0007c392     0x4171 ./source/app/App.o
 .debug_str     0x0007c392     0x3ac5 ./source/app/display_intensity.o
 .debug_str     0x0007c392     0x3c14 ./source/app/id_input.o
 .debug_str     0x0007c392     0x3c28 ./source/app/pass_input.o
 .debug_str     0x0007c392     0x3a63 ./source/app/user.o
 .debug_str     0x0007c392     0x39bc ./source/app/utils.o
 .debug_str     0x0007c392    0x7735f ./SDK/startup/hardware.o
 .debug_str     0x0007c392    0x7716c ./SDK/startup/main.o
 .debug_str     0x0007c392     0x2ed3 ./SDK/startup/semihost_hardfault.o
 .debug_str     0x0007c392     0x375f ./SDK/startup/startup_mk64f12.o
 .debug_str     0x0007c392    0x7727e ./SDK/CMSIS/system_MK64F12.o

.comment        0x00000000       0x45
 .comment       0x00000000       0x45 ./source/mcal/SysTick.o
                                 0x46 (size before relaxing)
 .comment       0x00000045       0x46 ./source/mcal/gpio.o
 .comment       0x00000045       0x46 ./source/hal/IRQN_Ports.o
 .comment       0x00000045       0x46 ./source/hal/card.o
 .comment       0x00000045       0x46 ./source/hal/display.o
 .comment       0x00000045       0x46 ./source/hal/leds.o
 .comment       0x00000045       0x46 ./source/hal/shift.o
 .comment       0x00000045       0x46 ./source/hal/system.o
 .comment       0x00000045       0x46 ./source/hal/timers.o
 .comment       0x00000045       0x46 ./source/hal/wheel.o
 .comment       0x00000045       0x46 ./source/app/App.o
 .comment       0x00000045       0x46 ./source/app/display_intensity.o
 .comment       0x00000045       0x46 ./source/app/id_input.o
 .comment       0x00000045       0x46 ./source/app/pass_input.o
 .comment       0x00000045       0x46 ./source/app/user.o
 .comment       0x00000045       0x46 ./source/app/utils.o
 .comment       0x00000045       0x46 ./SDK/startup/hardware.o
 .comment       0x00000045       0x46 ./SDK/startup/main.o
 .comment       0x00000045       0x46 ./SDK/startup/semihost_hardfault.o
 .comment       0x00000045       0x46 ./SDK/startup/startup_mk64f12.o
 .comment       0x00000045       0x46 ./SDK/CMSIS/system_MK64F12.o

.ARM.attributes
                0x00000000       0x34
 .ARM.attributes
                0x00000000       0x34 ./source/mcal/SysTick.o
 .ARM.attributes
                0x00000034       0x34 ./source/mcal/gpio.o
 .ARM.attributes
                0x00000068       0x34 ./source/hal/IRQN_Ports.o
 .ARM.attributes
                0x0000009c       0x34 ./source/hal/card.o
 .ARM.attributes
                0x000000d0       0x34 ./source/hal/display.o
 .ARM.attributes
                0x00000104       0x34 ./source/hal/leds.o
 .ARM.attributes
                0x00000138       0x34 ./source/hal/shift.o
 .ARM.attributes
                0x0000016c       0x34 ./source/hal/system.o
 .ARM.attributes
                0x000001a0       0x34 ./source/hal/timers.o
 .ARM.attributes
                0x000001d4       0x34 ./source/hal/wheel.o
 .ARM.attributes
                0x00000208       0x34 ./source/app/App.o
 .ARM.attributes
                0x0000023c       0x34 ./source/app/display_intensity.o
 .ARM.attributes
                0x00000270       0x34 ./source/app/id_input.o
 .ARM.attributes
                0x000002a4       0x34 ./source/app/pass_input.o
 .ARM.attributes
                0x000002d8       0x34 ./source/app/user.o
 .ARM.attributes
                0x0000030c       0x34 ./source/app/utils.o
 .ARM.attributes
                0x00000340       0x34 ./SDK/startup/hardware.o
 .ARM.attributes
                0x00000374       0x34 ./SDK/startup/main.o
 .ARM.attributes
                0x000003a8       0x34 ./SDK/startup/semihost_hardfault.o
 .ARM.attributes
                0x000003dc       0x34 ./SDK/startup/startup_mk64f12.o
 .ARM.attributes
                0x00000410       0x34 ./SDK/CMSIS/system_MK64F12.o

.debug_frame    0x00000000     0x1758
 .debug_frame   0x00000000       0x90 ./source/mcal/SysTick.o
 .debug_frame   0x00000090      0x178 ./source/mcal/gpio.o
 .debug_frame   0x00000208      0x11c ./source/hal/IRQN_Ports.o
 .debug_frame   0x00000324      0x1b0 ./source/hal/card.o
 .debug_frame   0x000004d4      0x1f8 ./source/hal/display.o
 .debug_frame   0x000006cc       0xa0 ./source/hal/leds.o
 .debug_frame   0x0000076c       0xc0 ./source/hal/shift.o
 .debug_frame   0x0000082c       0x34 ./source/hal/system.o
 .debug_frame   0x00000860       0xd0 ./source/hal/timers.o
 .debug_frame   0x00000930       0x74 ./source/hal/wheel.o
 .debug_frame   0x000009a4       0x7c ./source/app/App.o
 .debug_frame   0x00000a20       0x34 ./source/app/display_intensity.o
 .debug_frame   0x00000a54       0xcc ./source/app/id_input.o
 .debug_frame   0x00000b20       0xcc ./source/app/pass_input.o
 .debug_frame   0x00000bec       0x88 ./source/app/user.o
 .debug_frame   0x00000c74       0xb0 ./source/app/utils.o
 .debug_frame   0x00000d24       0x70 ./SDK/startup/hardware.o
 .debug_frame   0x00000d94       0x2c ./SDK/startup/main.o
 .debug_frame   0x00000dc0       0x20 ./SDK/startup/semihost_hardfault.o
 .debug_frame   0x00000de0      0x904 ./SDK/startup/startup_mk64f12.o
 .debug_frame   0x000016e4       0x74 ./SDK/CMSIS/system_MK64F12.o

.debug_loc      0x00000000      0x1f9
 .debug_loc     0x00000000      0x1f9 ./SDK/startup/startup_mk64f12.o
